Phase 0 physical-device success — hardening revision

Observed: 2026-09-20 22:25:22 America/Chicago (2026-09-21 03:25:22 UTC)
App/backend source revision: 05f2b6c5c40b9ef769a942f2229d8b2025238ab7
Later PR commits at this point change Windows CI, Bruno environment and docs,
not the app/backend source used for this request.
Environment: ADR-004 temporary HTTPS tunnel to the local validation stub
Backend: fresh bootRun process, loopback port 18080, default/no-database profile
Connected physical device: iPhone 13 Pro Max, iOS 26.6 (CoreDevice metadata)

Person One supplied this exact request ID from the physical iPhone screen:
req_c900b992-5bc0-4835-bbc3-5ece6de3705a

Matching Xcode networking log supplied by Person One:
health_check request_id=req_c900b992-5bc0-4835-bbc3-5ece6de3705a

Matching backend log:
2026-09-20T22:25:22.636-05:00  INFO 99385 --- [plug-api] [.1-18080-exec-4] app.plug.foundation.CorrelationFilter    : http_request request_id=req_c900b992-5bc0-4835-bbc3-5ece6de3705a method=GET path=/health status=200

Verified separately from Person One's Mac against the same tunnel:
- Public Bruno: 3 requests, 3 script tests, 8 assertions passed (200/202/400).
- Public /health/ready: HTTP 401, operational probe remains private.
- Direct local full Bruno collection: 4 requests, 4 script tests, 11 assertions passed.

Person One reported that the offline failure and cellular recovery both worked
after following the steps to disable both Wi-Fi and cellular data, retry, restore
cellular data and retry again. The later supplied screenshots are indexed below.

Person One also reported both accessibility checks passed:
- Largest accessibility text size: status/version readable, content scrollable,
  Retry reachable and usable.
- VoiceOver: status and Retry identifiable; Retry could be activated.
These are the device operator's reported results, not an automated accessibility scan.

Screenshot evidence supplied after the live checks (full-resolution PNG conversion):
- ../ios/iphone-offline-2026-09-20.png (IMG_4100.HEIC): Not connected and Retry.
- ../ios/iphone-connected-large-text-2026-09-20.png (IMG_4101.HEIC): Connected, version and commit at enlarged text size.
- ../ios/iphone-large-text-retry-2026-09-20.png (IMG_4102.HEIC): scrolled request ID and reachable Retry.
The Connected screenshot shows Wi-Fi; it does not independently demonstrate
cellular recovery or VoiceOver operation. Those checks remain operator-reported.

Request ID visible in IMG_4102 and matching backend log:
2026-09-20T22:38:34.059-05:00  INFO 99385 --- [plug-api] [.1-18080-exec-2] app.plug.foundation.CorrelationFilter    : http_request request_id=req_8f002dc8-d721-49b2-94bd-326714d7a76f method=GET path=/health status=200
No Xcode log for this second request was supplied; the earlier c900b992 request
has the separate phone/Xcode/backend match recorded above.

Remaining: actual gate/contract approvals and independent PR review.
Person Two's own Windows setup and public API run are deferred to Phase 1
by Person One under ADR-005; no participation or signature is claimed for her.

This records a physical-phone success, not a completed joint checkpoint or G0.
The tunnel does not prove database readiness, JWT staging or durable cloud staging.
